./test.txt                                                             ---- 281  
total lines: 281
Done! Cost Time: 0.04 second
